Using pre-set license
Built from '6000.1/staging' branch; Version is '6000.1.2f1 (8e2281df4c52) revision 9314945'; Using compiler version '194234433'; Build Type 'Release'
OS: 'Windows 10  (10.0.19045) 64bit Core' Language: 'en' Physical Memory: 32673 MB
BatchMode: 1, IsHumanControllingUs: 0, StartBugReporterOnCrash: 0, Is64bit: 1, IsPro: 1
Date: 2025-05-13T21:00:14Z

COMMAND LINE ARGUMENTS:
X:\Unity\6000.1.2f1\Editor\Unity.exe
-adb2
-batchMode
-noUpm
-name
AssetImportWorker12
-projectPath
C:/Users/tromn/OneDrive/Desktop/vsProjects/vgdFinal2
-logFile
Logs/AssetImportWorker12.log
-srvPort
63150
-job-worker-count
5
-background-job-worker-count
8
-gc-helper-count
1
-name
AssetImport
Successfully changed project path to: C:/Users/tromn/OneDrive/Desktop/vsProjects/vgdFinal2
C:/Users/tromn/OneDrive/Desktop/vsProjects/vgdFinal2
[UnityMemory] Configuration Parameters - Can be set up in boot.config
    "memorysetup-allocator-temp-initial-block-size-main=262144"
    "memorysetup-allocator-temp-initial-block-size-worker=262144"
    "memorysetup-bucket-allocator-granularity=16"
    "memorysetup-bucket-allocator-bucket-count=8"
    "memorysetup-bucket-allocator-block-size=33554432"
    "memorysetup-bucket-allocator-block-count=8"
    "memorysetup-main-allocator-block-size=16777216"
    "memorysetup-thread-allocator-block-size=16777216"
    "memorysetup-gfx-main-allocator-block-size=16777216"
    "memorysetup-gfx-thread-allocator-block-size=16777216"
    "memorysetup-cache-allocator-block-size=4194304"
    "memorysetup-typetree-allocator-block-size=2097152"
    "memorysetup-profiler-bucket-allocator-granularity=16"
    "memorysetup-profiler-bucket-allocator-bucket-count=8"
    "memorysetup-profiler-bucket-allocator-block-size=33554432"
    "memorysetup-profiler-bucket-allocator-block-count=8"
    "memorysetup-profiler-allocator-block-size=16777216"
    "memorysetup-profiler-editor-allocator-block-size=1048576"
    "memorysetup-temp-allocator-size-main=16777216"
    "memorysetup-job-temp-allocator-block-size=2097152"
    "memorysetup-job-temp-allocator-block-size-background=1048576"
    "memorysetup-job-temp-allocator-reduction-small-platforms=262144"
    "memorysetup-temp-allocator-size-background-worker=32768"
    "memorysetup-temp-allocator-size-job-worker=262144"
    "memorysetup-temp-allocator-size-preload-manager=33554432"
    "memorysetup-temp-allocator-size-nav-mesh-worker=65536"
    "memorysetup-temp-allocator-size-audio-worker=65536"
    "memorysetup-temp-allocator-size-cloud-worker=32768"
    "memorysetup-temp-allocator-size-gi-baking-worker=262144"
    "memorysetup-temp-allocator-size-gi-baking-worker=262144"
    "memorysetup-temp-allocator-size-gi-baking-worker=262144"
    "memorysetup-temp-allocator-size-gi-baking-worker=262144"
    "memorysetup-temp-allocator-size-gi-baking-worker=262144"
    "memorysetup-temp-allocator-size-gfx=262144"
Player connection [31852]  Target information:

Player connection [31852]  * "[IP] 192.168.0.153 [Port] 0 [Flags] 2 [Guid] 1683689666 [EditorId] 1683689666 [Version] 1048832 [Id] WindowsEditor(7,whatthesigma) [Debug] 1 [PackageName] WindowsEditor [ProjectName] Editor" 

Player connection [31852]  * "[IP] 169.254.7.8 [Port] 0 [Flags] 2 [Guid] 1683689666 [EditorId] 1683689666 [Version] 1048832 [Id] WindowsEditor(7,whatthesigma) [Debug] 1 [PackageName] WindowsEditor [ProjectName] Editor" 

Player connection [31852]  * "[IP] 192.168.31.1 [Port] 0 [Flags] 2 [Guid] 1683689666 [EditorId] 1683689666 [Version] 1048832 [Id] WindowsEditor(7,whatthesigma) [Debug] 1 [PackageName] WindowsEditor [ProjectName] Editor" 

Player connection [31852]  * "[IP] 192.168.5.1 [Port] 0 [Flags] 2 [Guid] 1683689666 [EditorId] 1683689666 [Version] 1048832 [Id] WindowsEditor(7,whatthesigma) [Debug] 1 [PackageName] WindowsEditor [ProjectName] Editor" 

Player connection [31852] Host joined multi-casting on [225.0.0.222:54997]...
Player connection [31852] Host joined alternative multi-casting on [225.0.0.222:34997]...
JobSystem: Creating JobQueue using job-worker-count value 5
Input System module state changed to: Initialized.
[Physics::Module] Initialized fallback backend.
[Physics::Module] Id: 0xdecafbad
Library Redirect Path: Library/
[Physics::Module] Selected backend.
[Physics::Module] Name: PhysX
[Physics::Module] Id: 0xf2b8ea05
[Physics::Module] SDK Version: 4.1.2
[Physics::Module] Integration Version: 1.0.0
[Physics::Module] Threading Mode: Multi-Threaded
Refreshing native plugins compatible for Editor in 1.70 ms, found 1 plugins.
Preloading 0 native plugins for Editor in 0.00 ms.
Initialize engine version: 6000.1.2f1 (8e2281df4c52)
[Subsystems] Discovering subsystems at path X:/Unity/6000.1.2f1/Editor/Data/Resources/UnitySubsystems
[Subsystems] Discovering subsystems at path C:/Users/tromn/OneDrive/Desktop/vsProjects/vgdFinal2/Assets
GfxDevice: creating device client; kGfxThreadingModeNonThreaded
Direct3D:
    Version:         Direct3D 12 [level 12.1]
    Renderer:        NVIDIA GeForce RTX 3070 (ID=0x2484)
    Vendor:          NVIDIA
    VRAM:            8018 MB
    App VRAM Budget: 7250 MB
    Driver:          32.0.15.6109
Initialize mono
Mono path[0] = 'X:/Unity/6000.1.2f1/Editor/Data/Managed'
Mono path[1] = 'X:/Unity/6000.1.2f1/Editor/Data/MonoBleedingEdge/lib/mono/unityjit-win32'
Mono config path = 'X:/Unity/6000.1.2f1/Editor/Data/MonoBleedingEdge/etc'
Using monoOptions --debugger-agent=transport=dt_socket,embedding=1,server=y,suspend=n,address=127.0.0.1:56364
Begin MonoManager ReloadAssembly
Registering precompiled unity dll's ...
Register platform support module: X:/Unity/6000.1.2f1/Editor/Data/PlaybackEngines/WindowsStandaloneSupport/UnityEditor.WindowsStandalone.Extensions.dll
Registered in 0.001742 seconds.
- Loaded All Assemblies, in  0.355 seconds
Native extension for WindowsStandalone target not found
Mono: successfully reloaded assembly
- Finished resetting the current domain, in  0.286 seconds
Domain Reload Profiling: 641ms
	BeginReloadAssembly (133ms)
		ExecutionOrderSort (0ms)
		DisableScriptedObjects (0ms)
		BackupInstance (0ms)
		ReleaseScriptingObjects (0ms)
		CreateAndSetChildDomain (1ms)
	RebuildCommonClasses (33ms)
	RebuildNativeTypeToScriptingClass (10ms)
	initialDomainReloadingComplete (45ms)
	LoadAllAssembliesAndSetupDomain (134ms)
		LoadAssemblies (133ms)
		RebuildTransferFunctionScriptingTraits (0ms)
		AnalyzeDomain (131ms)
			TypeCache.Refresh (129ms)
				TypeCache.ScanAssembly (117ms)
			BuildScriptInfoCaches (0ms)
			ResolveRequiredComponents (0ms)
	FinalizeReload (287ms)
		ReleaseScriptCaches (0ms)
		RebuildScriptCaches (0ms)
		SetupLoadedEditorAssemblies (255ms)
			LogAssemblyErrors (0ms)
			InitializePlatformSupportModulesInManaged (41ms)
			SetLoadedEditorAssemblies (5ms)
			BeforeProcessingInitializeOnLoad (54ms)
			ProcessInitializeOnLoadAttributes (108ms)
			ProcessInitializeOnLoadMethodAttributes (46ms)
			AfterProcessingInitializeOnLoad (0ms)
			EditorAssembliesLoaded (0ms)
		ExecutionOrderSort2 (0ms)
		AwakeInstancesAfterBackupRestoration (0ms)
Assembly reference Packages/com.unity.cinemachine/Editor/Samples/ExposeHDRPInternals/HDRP-Editor-ref.asmref has no target assembly definition
========================================================================
Worker process is ready to serve import requests
Import Worker Mode flag is 0x00
Assembly reference Packages/com.unity.cinemachine/Editor/Samples/ExposeHDRPInternals/HDRP-Editor-ref.asmref has no target assembly definition
Assembly reference Packages/com.unity.cinemachine/Editor/Samples/ExposeHDRPInternals/HDRP-Editor-ref.asmref has no target assembly definition
Begin MonoManager ReloadAssembly
Symbol file LoadedFromMemory is not a mono symbol file
- Loaded All Assemblies, in  0.521 seconds
Assembly reference Packages/com.unity.cinemachine/Editor/Samples/ExposeHDRPInternals/HDRP-Editor-ref.asmref has no target assembly definition
'Packages/com.unity.cinemachine/Editor/Obsolete/CinemachineVirtualCameraBaseEditor.cs' contains partial class of Unity.Object, exactly 1 of the partial classes needs to be in a file with the same filename. This is to know the one that can be referenced from ie. GameObjects
'Packages/com.unity.cinemachine/Editor/Editors/CinemachineVirtualCameraBaseEditor.cs' contains partial class of Unity.Object, exactly 1 of the partial classes needs to be in a file with the same filename. This is to know the one that can be referenced from ie. GameObjects
Refreshing native plugins compatible for Editor in 0.81 ms, found 1 plugins.
Native extension for WindowsStandalone target not found
Assembly reference Packages/com.unity.cinemachine/Editor/Samples/ExposeHDRPInternals/HDRP-Editor-ref.asmref has no target assembly definition
Package Manager log level set to [2]
[Package Manager] Failed to launch server process. Reason: Unity was launched with the -noUpm command-line argument
[Package Manager] Unable to send message (not connected to server process).
[Package Manager] Cannot connect to Unity Package Manager local server
Mono: successfully reloaded assembly
- Finished resetting the current domain, in  0.420 seconds
Domain Reload Profiling: 939ms
	BeginReloadAssembly (190ms)
		ExecutionOrderSort (0ms)
		DisableScriptedObjects (8ms)
		BackupInstance (0ms)
		ReleaseScriptingObjects (0ms)
		CreateAndSetChildDomain (30ms)
	RebuildCommonClasses (30ms)
	RebuildNativeTypeToScriptingClass (9ms)
	initialDomainReloadingComplete (33ms)
	LoadAllAssembliesAndSetupDomain (255ms)
		LoadAssemblies (274ms)
		RebuildTransferFunctionScriptingTraits (0ms)
		AnalyzeDomain (94ms)
			TypeCache.Refresh (71ms)
				TypeCache.ScanAssembly (61ms)
			BuildScriptInfoCaches (18ms)
			ResolveRequiredComponents (3ms)
	FinalizeReload (421ms)
		ReleaseScriptCaches (0ms)
		RebuildScriptCaches (0ms)
		SetupLoadedEditorAssemblies (331ms)
			LogAssemblyErrors (0ms)
			InitializePlatformSupportModulesInManaged (1ms)
			SetLoadedEditorAssemblies (5ms)
			BeforeProcessingInitializeOnLoad (123ms)
			ProcessInitializeOnLoadAttributes (164ms)
			ProcessInitializeOnLoadMethodAttributes (36ms)
			AfterProcessingInitializeOnLoad (2ms)
			EditorAssembliesLoaded (0ms)
		ExecutionOrderSort2 (0ms)
		AwakeInstancesAfterBackupRestoration (6ms)
WARNING: Shader Unsupported: 'Toon/Basic Outline' - All subshaders removed
WARNING: Shader Did you use #pragma only_renderers and omit this platform?
WARNING: Shader If subshaders removal was intentional, you may have forgotten turning Fallback off?
WARNING: Shader Unsupported: 'Toon/Basic Outline' - All subshaders removed
WARNING: Shader Did you use #pragma only_renderers and omit this platform?
WARNING: Shader If subshaders removal was intentional, you may have forgotten turning Fallback off?
WARNING: Shader Unsupported: 'Toon/Lit Outline' - All subshaders removed
WARNING: Shader Did you use #pragma only_renderers and omit this platform?
WARNING: Shader If subshaders removal was intentional, you may have forgotten turning Fallback off?
WARNING: Shader Unsupported: 'Toon/Lit Outline' - All subshaders removed
WARNING: Shader Did you use #pragma only_renderers and omit this platform?
WARNING: Shader If subshaders removal was intentional, you may have forgotten turning Fallback off?
Launched and connected shader compiler UnityShaderCompiler.exe after 0.01 seconds
Refreshing native plugins compatible for Editor in 0.84 ms, found 1 plugins.
Preloading 0 native plugins for Editor in 0.00 ms.
Unloading 129 Unused Serialized files (Serialized files now loaded: 0)
Unloading 2238 unused Assets / (3.5 MB). Loaded Objects now: 2827.
Memory consumption went from 193.4 MB to 189.9 MB.
Total: 6.516800 ms (FindLiveObjects: 0.235400 ms CreateObjectMapping: 0.263700 ms MarkObjects: 4.614800 ms  DeleteObjects: 1.402100 ms)

========================================================================
Received Import Request.
  Time since last request: 268282.011504 seconds.
  path: Assets/RockFREE/mesh/rock1_LOD1.fbx
  artifactKey: Guid(7c076eb1f10273a44ab220dfdc930e2b) Importer(815301076,1909f56bfc062723c751e8b465ee728b)
Start importing Assets/RockFREE/mesh/rock1_LOD1.fbx using Guid(7c076eb1f10273a44ab220dfdc930e2b) Importer(815301076,1909f56bfc062723c751e8b465ee728b) (PreviewImporter) -> (artifact id: '349eba2abf073a0c8503e3b388c82a18') in 0.4410259 seconds
Number of updated asset objects reloaded before import = 0Number of asset objects unloaded after import = 12

========================================================================
Received Import Request.
  Time since last request: 0.000023 seconds.
  path: Assets/RockFREE/mesh/rock6_LOD2.fbx
  artifactKey: Guid(7fe6223b2ee42544d96903008fd4553f) Importer(815301076,1909f56bfc062723c751e8b465ee728b)
Start importing Assets/RockFREE/mesh/rock6_LOD2.fbx using Guid(7fe6223b2ee42544d96903008fd4553f) Importer(815301076,1909f56bfc062723c751e8b465ee728b) (PreviewImporter) -> (artifact id: '28652ec03393f66b9fc7a55048f11be3') in 0.0284033 seconds
Number of updated asset objects reloaded before import = 0Number of asset objects unloaded after import = 12

========================================================================
Received Import Request.
  Time since last request: 2.741793 seconds.
  path: Assets/Free_Rocks/_models/cliff_collider.fbx
  artifactKey: Guid(c6d85766e2e364d3fba28cab76d9bce5) Importer(815301076,1909f56bfc062723c751e8b465ee728b)
Start importing Assets/Free_Rocks/_models/cliff_collider.fbx using Guid(c6d85766e2e364d3fba28cab76d9bce5) Importer(815301076,1909f56bfc062723c751e8b465ee728b) (PreviewImporter) -> (artifact id: '38c2c422e96fae0825e8c1094f17c147') in 0.1365613 seconds
Number of updated asset objects reloaded before import = 0Number of asset objects unloaded after import = 7

========================================================================
Received Import Request.
  Time since last request: 0.000017 seconds.
  path: Assets/Free_Rocks/_models/rock4_collider.fbx
  artifactKey: Guid(9551d23f5681244a5bf687feb1b45c62) Importer(815301076,1909f56bfc062723c751e8b465ee728b)
Start importing Assets/Free_Rocks/_models/rock4_collider.fbx using Guid(9551d23f5681244a5bf687feb1b45c62) Importer(815301076,1909f56bfc062723c751e8b465ee728b) (PreviewImporter) -> (artifact id: '9e274997710483d91ef4812153218a5a') in 0.0958533 seconds
Number of updated asset objects reloaded before import = 0Number of asset objects unloaded after import = 7

========================================================================
Received Import Request.
  Time since last request: 9.892619 seconds.
  path: Assets/Rocks and Boulders 2/Rocks/Prefabs/Rock1_grup2.prefab
  artifactKey: Guid(272f6ea372a7343499b5aa612014761f) Importer(815301076,1909f56bfc062723c751e8b465ee728b)
Start importing Assets/Rocks and Boulders 2/Rocks/Prefabs/Rock1_grup2.prefab using Guid(272f6ea372a7343499b5aa612014761f) Importer(815301076,1909f56bfc062723c751e8b465ee728b) (PreviewImporter) -> (artifact id: 'b04cd22d4897d8c047488c930c395157') in 0.0897151 seconds
Number of updated asset objects reloaded before import = 0Number of asset objects unloaded after import = 39

========================================================================
Received Import Request.
  Time since last request: 0.000017 seconds.
  path: Assets/Rocks and Boulders 2/Rocks/Prefabs/Rock4A.prefab
  artifactKey: Guid(5f36b57d675b1444cb2203b7a6cac6cb) Importer(815301076,1909f56bfc062723c751e8b465ee728b)
Start importing Assets/Rocks and Boulders 2/Rocks/Prefabs/Rock4A.prefab using Guid(5f36b57d675b1444cb2203b7a6cac6cb) Importer(815301076,1909f56bfc062723c751e8b465ee728b) (PreviewImporter) -> (artifact id: '9eeaa180e6cf2c7d5a09b6bab6546972') in 0.041493 seconds
Number of updated asset objects reloaded before import = 0Number of asset objects unloaded after import = 16

========================================================================
Received Import Request.
  Time since last request: 0.000017 seconds.
  path: Assets/Rocks and Boulders 2/Rocks/Prefabs/Rock1_grup5.prefab
  artifactKey: Guid(f696a81957e80df439600b80ea8667ec) Importer(815301076,1909f56bfc062723c751e8b465ee728b)
Start importing Assets/Rocks and Boulders 2/Rocks/Prefabs/Rock1_grup5.prefab using Guid(f696a81957e80df439600b80ea8667ec) Importer(815301076,1909f56bfc062723c751e8b465ee728b) (PreviewImporter) -> (artifact id: '58c770dd10ebd8016803d7bcccb00623') in 0.0400784 seconds
Number of updated asset objects reloaded before import = 0Number of asset objects unloaded after import = 39

========================================================================
Received Import Request.
  Time since last request: 0.000023 seconds.
  path: Assets/Rocks and Boulders 2/Rocks/Prefabs/Rock1C.prefab
  artifactKey: Guid(1679506d96acb1447aa6870479416bf8) Importer(815301076,1909f56bfc062723c751e8b465ee728b)
Start importing Assets/Rocks and Boulders 2/Rocks/Prefabs/Rock1C.prefab using Guid(1679506d96acb1447aa6870479416bf8) Importer(815301076,1909f56bfc062723c751e8b465ee728b) (PreviewImporter) -> (artifact id: 'a29d38a417704a80598d53c89360d09a') in 0.0377887 seconds
Number of updated asset objects reloaded before import = 0Number of asset objects unloaded after import = 16

========================================================================
Received Import Request.
  Time since last request: 0.000017 seconds.
  path: Assets/Rocks and Boulders 2/Rocks/Prefabs/Rock1E.prefab
  artifactKey: Guid(d2db22038a6f9804598cd46453cc7cb8) Importer(815301076,1909f56bfc062723c751e8b465ee728b)
Start importing Assets/Rocks and Boulders 2/Rocks/Prefabs/Rock1E.prefab using Guid(d2db22038a6f9804598cd46453cc7cb8) Importer(815301076,1909f56bfc062723c751e8b465ee728b) (PreviewImporter) -> (artifact id: '97f3fe7fa95aa8f275cf660f99e9179b') in 0.0400695 seconds
Number of updated asset objects reloaded before import = 0Number of asset objects unloaded after import = 16

========================================================================
Received Import Request.
  Time since last request: 0.000019 seconds.
  path: Assets/Rocks and Boulders 2/Rocks/Prefabs/Rock2.prefab
  artifactKey: Guid(940d55d4117386f4f9398ea3ff52d4cd) Importer(815301076,1909f56bfc062723c751e8b465ee728b)
Start importing Assets/Rocks and Boulders 2/Rocks/Prefabs/Rock2.prefab using Guid(940d55d4117386f4f9398ea3ff52d4cd) Importer(815301076,1909f56bfc062723c751e8b465ee728b) (PreviewImporter) -> (artifact id: '97cdd9911970bbf37356975cf2fa992e') in 0.0311616 seconds
Number of updated asset objects reloaded before import = 0Number of asset objects unloaded after import = 16

========================================================================
Received Import Request.
  Time since last request: 15.640966 seconds.
  path: Assets/Rocks and Boulders 2/Rocks/Source/Materials/Unity 5/Rock1_snow.mat
  artifactKey: Guid(01608c72af8878540af104e9e85c948a) Importer(815301076,1909f56bfc062723c751e8b465ee728b)
Start importing Assets/Rocks and Boulders 2/Rocks/Source/Materials/Unity 5/Rock1_snow.mat using Guid(01608c72af8878540af104e9e85c948a) Importer(815301076,1909f56bfc062723c751e8b465ee728b) (PreviewImporter) -> (artifact id: '47f90da2735fc2c28e64d28399dbec07') in 0.0933925 seconds
Number of updated asset objects reloaded before import = 0Number of asset objects unloaded after import = 9

========================================================================
Received Import Request.
  Time since last request: 0.000016 seconds.
  path: Assets/Rocks and Boulders 2/Rocks/Source/Materials/Unity 5/Rock3_snow.mat
  artifactKey: Guid(04072163270291c4d8d5dc50182cc16e) Importer(815301076,1909f56bfc062723c751e8b465ee728b)
Start importing Assets/Rocks and Boulders 2/Rocks/Source/Materials/Unity 5/Rock3_snow.mat using Guid(04072163270291c4d8d5dc50182cc16e) Importer(815301076,1909f56bfc062723c751e8b465ee728b) (PreviewImporter) -> (artifact id: '331f5d0f8c26511cf5578c0ae1452cf9') in 0.0545433 seconds
Number of updated asset objects reloaded before import = 0Number of asset objects unloaded after import = 8

========================================================================
Received Import Request.
  Time since last request: 0.000017 seconds.
  path: Assets/Rocks and Boulders 2/Rocks/Source/Materials/Unity 5/Rock4_snow.mat
  artifactKey: Guid(30af34461be7726449e2774a5285f6d9) Importer(815301076,1909f56bfc062723c751e8b465ee728b)
Start importing Assets/Rocks and Boulders 2/Rocks/Source/Materials/Unity 5/Rock4_snow.mat using Guid(30af34461be7726449e2774a5285f6d9) Importer(815301076,1909f56bfc062723c751e8b465ee728b) (PreviewImporter) -> (artifact id: '927d8df1410b03fee6c798ae6695497c') in 0.0540783 seconds
Number of updated asset objects reloaded before import = 0Number of asset objects unloaded after import = 8

========================================================================
Received Import Request.
  Time since last request: 154.494776 seconds.
  path: Assets/RockPrefabs/Rock6C.prefab
  artifactKey: Guid(389d19751a2a2414680dcb630cff3ef4) Importer(815301076,1909f56bfc062723c751e8b465ee728b)
Start importing Assets/RockPrefabs/Rock6C.prefab using Guid(389d19751a2a2414680dcb630cff3ef4) Importer(815301076,1909f56bfc062723c751e8b465ee728b) (PreviewImporter) -> (artifact id: '075dac9f64a989fe4115e6ecec4aff98') in 0.0257895 seconds
Number of updated asset objects reloaded before import = 0Number of asset objects unloaded after import = 17

========================================================================
Received Import Request.
  Time since last request: 71.213185 seconds.
  path: Assets/RockPrefabs/Rock1_grup2 1.prefab
  artifactKey: Guid(49f7a21125988cb4eb2d96b0635157ff) Importer(815301076,1909f56bfc062723c751e8b465ee728b)
Start importing Assets/RockPrefabs/Rock1_grup2 1.prefab using Guid(49f7a21125988cb4eb2d96b0635157ff) Importer(815301076,1909f56bfc062723c751e8b465ee728b) (PreviewImporter) -> (artifact id: 'fe606a301d5bbca51daf3b2e4ff9e633') in 0.0277838 seconds
Number of updated asset objects reloaded before import = 0Number of asset objects unloaded after import = 40

========================================================================
Received Import Request.
  Time since last request: 48.262482 seconds.
  path: Assets/RockPrefabs/Rock6B 1.prefab
  artifactKey: Guid(0c448154e9fd7a54a917bc89bc241008) Importer(815301076,1909f56bfc062723c751e8b465ee728b)
Start importing Assets/RockPrefabs/Rock6B 1.prefab using Guid(0c448154e9fd7a54a917bc89bc241008) Importer(815301076,1909f56bfc062723c751e8b465ee728b) (PreviewImporter) -> (artifact id: 'b4a900baee884dae3ae6abc633b8c877') in 0.0266774 seconds
Number of updated asset objects reloaded before import = 0Number of asset objects unloaded after import = 17

========================================================================
Received Import Request.
  Time since last request: 43.317681 seconds.
  path: Assets/RockPrefabs/Rock1_grup1.prefab
  artifactKey: Guid(bd092592b2e14624899fe9f8bfb61b72) Importer(815301076,1909f56bfc062723c751e8b465ee728b)
Start importing Assets/RockPrefabs/Rock1_grup1.prefab using Guid(bd092592b2e14624899fe9f8bfb61b72) Importer(815301076,1909f56bfc062723c751e8b465ee728b) (PreviewImporter) -> (artifact id: '68e9a37527e169abee6176e4a2d44588') in 0.1063174 seconds
Number of updated asset objects reloaded before import = 0Number of asset objects unloaded after import = 35

========================================================================
Received Import Request.
  Time since last request: 0.000019 seconds.
  path: Assets/RockPrefabs/Rock1_grup4.prefab
  artifactKey: Guid(36ad97b5a9d65ed479692780e9de7471) Importer(815301076,1909f56bfc062723c751e8b465ee728b)
Start importing Assets/RockPrefabs/Rock1_grup4.prefab using Guid(36ad97b5a9d65ed479692780e9de7471) Importer(815301076,1909f56bfc062723c751e8b465ee728b) (PreviewImporter) -> (artifact id: 'c55afe31ca85918a089a7a858eec6f3d') in 0.0428714 seconds
Number of updated asset objects reloaded before import = 0Number of asset objects unloaded after import = 40

========================================================================
Received Import Request.
  Time since last request: 0.000029 seconds.
  path: Assets/RockPrefabs/Rock1B.prefab
  artifactKey: Guid(050d879cbde803a449dec41895f37343) Importer(815301076,1909f56bfc062723c751e8b465ee728b)
Start importing Assets/RockPrefabs/Rock1B.prefab using Guid(050d879cbde803a449dec41895f37343) Importer(815301076,1909f56bfc062723c751e8b465ee728b) (PreviewImporter) -> (artifact id: '08c9544354f48277142141090e6f3f9b') in 0.0407106 seconds
Number of updated asset objects reloaded before import = 0Number of asset objects unloaded after import = 15

========================================================================
Received Import Request.
  Time since last request: 0.000031 seconds.
  path: Assets/RockPrefabs/Rock3 1 1.prefab
  artifactKey: Guid(c243c7610a03b114bb6c4805e022160d) Importer(815301076,1909f56bfc062723c751e8b465ee728b)
Start importing Assets/RockPrefabs/Rock3 1 1.prefab using Guid(c243c7610a03b114bb6c4805e022160d) Importer(815301076,1909f56bfc062723c751e8b465ee728b) (PreviewImporter) -> (artifact id: '450eaa1ceeaa3a40d8f5a4c537c0e81d') in 0.0420334 seconds
Number of updated asset objects reloaded before import = 0Number of asset objects unloaded after import = 15

========================================================================
Received Import Request.
  Time since last request: 0.000020 seconds.
  path: Assets/RockPrefabs/Rock1C.prefab
  artifactKey: Guid(2f51083edc203484390674ca3f42ed55) Importer(815301076,1909f56bfc062723c751e8b465ee728b)
Start importing Assets/RockPrefabs/Rock1C.prefab using Guid(2f51083edc203484390674ca3f42ed55) Importer(815301076,1909f56bfc062723c751e8b465ee728b) (PreviewImporter) -> (artifact id: 'bbc44a341d800a6d73df48187b8de440') in 0.0339543 seconds
Number of updated asset objects reloaded before import = 0Number of asset objects unloaded after import = 15

========================================================================
Received Import Request.
  Time since last request: 0.000017 seconds.
  path: Assets/RockPrefabs/Rock1_grup5.prefab
  artifactKey: Guid(e301aaf27339b5845b906350f54e4dc7) Importer(815301076,1909f56bfc062723c751e8b465ee728b)
Start importing Assets/RockPrefabs/Rock1_grup5.prefab using Guid(e301aaf27339b5845b906350f54e4dc7) Importer(815301076,1909f56bfc062723c751e8b465ee728b) (PreviewImporter) -> (artifact id: '368feeb2b7814a07468fcab3a7b3f983') in 0.0354351 seconds
Number of updated asset objects reloaded before import = 0Number of asset objects unloaded after import = 39

========================================================================
Received Import Request.
  Time since last request: 0.000017 seconds.
  path: Assets/RockPrefabs/Rock6B 1.prefab
  artifactKey: Guid(0c448154e9fd7a54a917bc89bc241008) Importer(815301076,1909f56bfc062723c751e8b465ee728b)
Start importing Assets/RockPrefabs/Rock6B 1.prefab using Guid(0c448154e9fd7a54a917bc89bc241008) Importer(815301076,1909f56bfc062723c751e8b465ee728b) (PreviewImporter) -> (artifact id: '99a33c1d0a018afa7d4863ca85aa0e02') in 0.0395878 seconds
Number of updated asset objects reloaded before import = 0Number of asset objects unloaded after import = 16

========================================================================
Received Import Request.
  Time since last request: 0.000015 seconds.
  path: Assets/RockPrefabs/Rock5B.prefab
  artifactKey: Guid(a44353f67bf2d5643ab4e43b39cee079) Importer(815301076,1909f56bfc062723c751e8b465ee728b)
Start importing Assets/RockPrefabs/Rock5B.prefab using Guid(a44353f67bf2d5643ab4e43b39cee079) Importer(815301076,1909f56bfc062723c751e8b465ee728b) (PreviewImporter) -> (artifact id: '5942352099229d7599f810d33e00f4c6') in 0.0362359 seconds
Number of updated asset objects reloaded before import = 0Number of asset objects unloaded after import = 15

========================================================================
Received Import Request.
  Time since last request: 0.000023 seconds.
  path: Assets/RockPrefabs/Rock1A.prefab
  artifactKey: Guid(6c241522136b0fe40b0173ee270d89c5) Importer(815301076,1909f56bfc062723c751e8b465ee728b)
Start importing Assets/RockPrefabs/Rock1A.prefab using Guid(6c241522136b0fe40b0173ee270d89c5) Importer(815301076,1909f56bfc062723c751e8b465ee728b) (PreviewImporter) -> (artifact id: 'c7d90c5974f08f594bad9dab1752b684') in 0.0286193 seconds
Number of updated asset objects reloaded before import = 0Number of asset objects unloaded after import = 15

Editor requested this worker to shutdown with reason: Scaling down because of idle timeout
AssetImportWorker is now disconnected from the server
Process exiting
Exiting without the bug reporter. Application will terminate with return code 0